// Jest Snapshot v1, https://goo.gl/fbAQLP

exports[`Dropdown component should be defined and renders correctly (snapshot) 1`] = `
<Dropdown
  label="Dropdown"
>
  <div
    className="more-menu__wrapper"
  >
    <button
      className="icon-button toggle"
      onClick={[Function]}
      type="button"
    >
      Dropdown
      <i
        className="material-icons"
      >
        more_vert
      </i>
    </button>
    <div
      className="more-menu close"
    >
      <ul
        className="more-menu__list"
      >
        <li
          className="more-menu__list-item"
        >
          <a
            href="/"
            key=".0"
          >
            Settings
          </a>
          <a
            href="/"
            key=".1"
          >
            Sign out
          </a>
        </li>
      </ul>
    </div>
  </div>
</Dropdown>
`;
